=== TEST 1: High Risk (Should be Large + Mid + Small) ===
Constraints applied: 14233 -> 1116 funds remaining.
Constraints applied: 14233 -> 1116 funds remaining.
Constraints applied: 14233 -> 1116 funds remaining.
Constraints applied: 14233 -> 1116 funds remaining.
Constraints applied: 14233 -> 1116 funds remaining.
Constraints applied: 14233 -> 1116 funds remaining.
Constraints applied: 14233 -> 1116 funds remaining.
Constraints applied: 14233 -> 1116 funds remaining.
Equity Funds: ['Large Cap', 'Mid Cap', 'Small Cap', 'Large Cap', 'Flexi Cap', 'Mid Cap']
Funds Config: ['Core Anchor (Large Cap)', 'Growth Booster (Mid Cap)', 'High Alpha Potential (Small Cap)', 'Core Portfolio Anchor (Data: Consistent 5Y Returns)', 'Flexi Cap for validation-disciplined growth', 'Mid Cap for extra returns (Alpha)']

=== TEST 2: Low Risk (Should be Large + Flexi) ===
Constraints applied: 14233 -> 1116 funds remaining.
Constraints applied: 14233 -> 1116 funds remaining.
Constraints applied: 14233 -> 1116 funds remaining.
Constraints applied: 14233 -> 1116 funds remaining.
Constraints applied: 14233 -> 1116 funds remaining.
Constraints applied: 14233 -> 1116 funds remaining.
Equity Funds: ['Large Cap', 'Flexi Cap', 'Large Cap', 'Flexi Cap']
Funds Config: ['Core Anchor (Large Cap)', 'Stable Growth (Flexi Cap)', 'Core Portfolio Anchor (Data: Consistent 5Y Returns)', 'Flexi Cap for validation-disciplined growth']

IDCW/Dividend found? False
